
Naziv testa : Resgistracija test 
Opis testa : Otvaranje registracije korisnika

Test je uspesan 


Naziv testa : Prijava test 
Opis testa : Otvaranje prijave korisnika

Test je uspesan 


Ime testa : Provera korisnickih podataka 
Opis testa : Proverava se validnost korisnickih podataka
Email:ranmacookie
Email:ranmacookie@gmail.com

Test je uspesan 


Ime testa : O nama 
Opis testa : Test uzima podatke o kompaniji Oprema za sport doo Beograd 
Naša firma Oprema za sport doo Beograd se bavi proizvodnjom i trgovinom zaštitne i taktičke opreme u širem smislu.
Naši krajnji korisnici su Policija, Ministarstvo unutrašnjih poslova, Vojska Srbije, Ministarstvo odbrane, zaštitno bezbednosne agencije i firme, te brojna lovačka društva i pojedinci.
Posebnu pažnju smo poklonili kvalitetu i izgledu naših proizvoda domaće proizvodnje u čiji izgled, dizajn i kvalitet stalno ulažemo, a ostatak asortimana robe dopunjavamo od stranih brendova iz sveta i na takav način upotpunjavamo naš proizvodni asortiman.
Sve zajedno ovo nas stavlja u sami vrh preduzeća koja mogu da odgovore na zahteve modernog tržišta u smislu kvaliteta, rokova isporuke, dizajna, a posebno bezbednosti proizvoda.
Oprema za sport doo Beograd-Novi Beograd je distributer brenda YDS, najvećeg evropskog proizvođača taktičkih čizama vrhunskog kvaliteta. Takođe smo i distributeri brenda Pentagon, najpoznatijeg army brenda u Evropi. Ponosni smo uvoznici i nemačkih brendova military odeće Brandit i Surplus iz Kelna. Iz EU – Slovačke uvozimo Artra obuću, koja je vremenom stekla veliku popularnost kod nas, naših security firmi i bezbednosnih službi.
Test je uspesan 


Naziv testa : Dodavanje Tri Proizvoda 
Opis testa : Dodavanje Tri Proizvoda iz Tri Kategorije

Test je uspesan 


Ime testa : Proveravanje ukupne cene 
Opis testa : Proveravanje ukupne cene
Ukupna cena proizvoda je: 12.470 RSD

Test je uspesan 


Ime testa : Performanse test 
Opis testa : Performanse, otvaranje 6 razlicitih stranica i prikaz prosek otvaranja
Vremena pokretanja sajtova u milisekundama: 
3700.0
5000.0
1850.0
1467.0
2522.0
4592.0
Srednja vrednost pokretanja stranica: 	3188.5

Test je uspesan 


Naziv testa : Resgistracija test 
Opis testa : Otvaranje registracije korisnika

Test je uspesan 


Naziv testa : Dodavanje Tri Proizvoda 
Opis testa : Dodavanje Tri Proizvoda iz Tri Kategorije

Test je uspesan 

